// Jest Snapshot v1, https://goo.gl/fbAQLP

exports[`enzyme-riot-adapter tagWithOpts should match snapshot 1`] = `
Object {
  "children": Array [
    Object {
      "children": Array [
        "Hello, world!",
      ],
      "name": "p",
      "opts": Object {},
    },
  ],
  "name": "tag",
  "opts": Object {},
}
`;
